
[1m[46m RUN [49m[22m [36mv4.0.18 [39m[90mC:/Users/ADMIN/Desktop/Progging/Projects/Personal_Projects/Njukasino[39m

[90mstdout[2m | src/services/__tests__/gameService.test.ts
[22m[39m[GameService] Backend API: https://njukasino.onrender.com
[GameService] WebSocket API: wss://njukasino.onrender.com

[90mstdout[2m | src/services/__tests__/gameService.test.ts[2m > [22m[2mGameService[2m > [22m[2mcreateLobby calls the correct endpoint and returns lobby data
[22m[39m[GameService] createLobby - Requesting: https://njukasino.onrender.com/lobby/create

node.exe : 
[90mstderr[2m | src/
services/__tests__/gam
eService.test.ts[2m 
> [22m[2mGameService
[2m > 
[22m[2mcreateLobby 
calls the correct 
endpoint and returns 
lobby data
At C:\nvm4w\nodejs\npx
.ps1:16 char:5
+     & 
"$basedir/node$exe"  "
$basedir/node_modules/
npm/bin/npx-cli.js" 
...
+     ~~~~~~~~~~~~~~~~
~~~~~~~~~~~~~~~~~~~~~~
~~~~~~~~~~~~~~~~~~~~~~
~~~~~
    + CategoryInfo    
      : NotSpecified: 
([    
90mstderr[2m...urns 
lobby data:String) 
[],     
RemoteException
    + 
FullyQualifiedErrorId 
: NativeCommandErro   
 r
 
[22m[39m[MSW] 
Warning: intercepted 
a request without a 
matching request 
handler:

  ΓÇó POST https://nju
kasino.onrender.com/lo
bby/create

  ΓÇó Request body: 
{"host":"Test Player",
"host_uid":"uid-123","
max_players":4,"entry_
fee":100}

If you still wish to 
intercept this 
unhandled request, 
please create a 
request handler for 
it.
Read more: https://msw
js.io/docs/http/interc
epting-requests

 [31mΓ¥»[39m src/services/__tests__/gameService.test.ts [2m([22m[2m1 test[22m[2m | [22m[31m1 failed[39m[2m)[22m[33m 5018[2mms[22m[39m
[31m     [31m├ù[31m createLobby calls the correct endpoint and returns lobby data[39m[33m 5009[2mms[22m[39m

[31mΓÄ»ΓÄ»ΓÄ»ΓÄ»ΓÄ»ΓÄ
»ΓÄ»[39m[1m[41m 
Failed Tests 1 [49m[
22m[31mΓÄ»ΓÄ»ΓÄ»ΓÄ»ΓÄ
»ΓÄ»ΓÄ»[39m

[41m[1m FAIL 
[22m[49m src/service
s/__tests__/gameServic
e.test.ts[2m > 
[22mGameService[2m 
> [22mcreateLobby 
calls the correct 
endpoint and returns 
lobby data
[31m[1mError[22m: 
Test timed out in 
5000ms.
If this is a 
long-running test, 
pass a timeout value 
as the last argument 
or configure it 
globally with 
"testTimeout".[39m
[36m [2mΓ¥»[22m src
/services/__tests__/ga
meService.test.ts:[2m
28:3[22m[39m
    [90m 26| [39m  
[35mconst[39m 
gameService 
[33m=[39m 
[35mnew[39m [33mGam
eService[39m()[33m;
[39m
    [90m 27| [39m
    [90m 28| [39m  
test('createLobby 
calls the correct 
endpoint and returns 
lobby data'ΓÇª
    [90m   | [39m  
[31m^[39m
    [90m 29| [39m   
 const lobby = await g
ameService.createLobby
('Test Player', 
'uid-12ΓÇª
    [90m 30| [39m   
 

[31m[2mΓÄ»ΓÄ»ΓÄ»ΓÄ»Γ
Ä»ΓÄ»ΓÄ»ΓÄ»ΓÄ»ΓÄ»ΓÄ»ΓÄ
»ΓÄ»ΓÄ»ΓÄ»ΓÄ»ΓÄ»ΓÄ»ΓÄ»
ΓÄ»ΓÄ»ΓÄ»ΓÄ»ΓÄ»[1/1]ΓÄ
»[22m[39m


[2m Test Files [22m [1m[31m1 failed[39m[22m[90m (1)[39m
[2m      Tests [22m [1m[31m1 failed[39m[22m[90m (1)[39m
[2m   Start at [22m 17:16:15
[2m   Duration [22m 37.96s[2m (transform 356ms, setup 6.56s, import 17.08s, tests 5.02s, environment 8.67s)[22m

